<html>
<body>
<pre>
<h1>µVision Build Log</h1>
<h2>Tool Versions:</h2>
IDE-Version: ¶ÃVision V5.26.2.0
Copyright (C) 2018 ARM Ltd and ARM Germany GmbH. All rights reserved.
License Information: Chen Ericc, HKU, LIC=WHY74-FIZ0R-W2CLL-04X3C-K3DT5-Y2MTI
 
Tool Versions:
Toolchain:       MDK-ARM Plus  Version: 5.26.2.0
Toolchain Path:  C:\Keil_v5\ARM\ARMCC\Bin
C Compiler:      Armcc.exe V5.06 update 6 (build 750)
Assembler:       Armasm.exe V5.06 update 6 (build 750)
Linker/Locator:  ArmLink.exe V5.06 update 6 (build 750)
Library Manager: ArmAr.exe V5.06 update 6 (build 750)
Hex Converter:   FromElf.exe V5.06 update 6 (build 750)
CPU DLL:         SARMCM3.DLL V5.26.2.0
Dialog DLL:      DCM.DLL V1.17.2.0
Target DLL:      Segger\JL2CM3.dll V2.99.31.0
Dialog DLL:      TCM.DLL V1.36.1.0
 
<h2>Project:</h2>
D:\≤‚ ‘¥˙¬Î\Infantry-RTOS\IMU implement\MDK-ARM\rm_infantry.uvprojx
Project File Date:  02/22/2019

<h2>Output:</h2>
*** Using Compiler 'V5.06 update 6 (build 750)', folder: 'C:\Keil_v5\ARM\ARMCC\Bin'
Build target 'rm_infantry'
compiling gimbal_task.c...
app\gimbal_task.c(393): warning:  #177-D: function "closed_loop_handler"  was declared but never referenced
  void closed_loop_handler(void)
app\gimbal_task.c(585): warning:  #177-D: function "gimbal_patrol_handler"  was declared but never referenced
  static void gimbal_patrol_handler(void)
app\gimbal_task.c(513): warning:  #177-D: function "pc_relative_ctrl_handler"  was declared but never referenced
  void pc_relative_ctrl_handler(void)
app\gimbal_task.c: 3 warnings, 0 errors
linking...
Program Size: Code=76152 RO-data=2232 RW-data=1568 ZI-data=34872  
FromELF: creating hex file...
"rm_infantry\rm_infantry.axf" - 0 Error(s), 3 Warning(s).

<h2>Software Packages used:</h2>

Package Vendor: Keil
                http://www.keil.com/pack/Keil.STM32F4xx_DFP.2.13.0.pack
                Keil.STM32F4xx_DFP.2.13.0
                STMicroelectronics STM32F4 Series Device Support, Drivers and Examples

<h2>Collection of Component include folders:</h2>
  .\RTE\_rm_infantry
  C:\Keil_v5\ARM\PACK\Keil\STM32F4xx_DFP\2.13.0\Drivers\CMSIS\Device\ST\STM32F4xx\Include

<h2>Collection of Component Files used:</h2>
Build Time Elapsed:  00:00:07
</pre>
</body>
</html>
